[stage1] 264 jobs
[1/264] heat/ H0: ok PQ=1.0 (5.7s)
[2/264] heat/ HF1: ok PQ=0.5719559485566575 (5.7s)
[3/264] heat/ HF2: ok PQ=0.7206206428332458 (5.8s)
[4/264] heat/ HF3: ok PQ=0.49758327890267806 (5.5s)
[5/264] heat/ H1: ok PQ=0.6290350304238717 (5.5s)
[6/264] heat/ H3: ok PQ=0.7458559585940937 (6.0s)
[7/264] surface/G4 H0: ok PQ=0.8891494719802526 (15.9s)
[8/264] surface/G4 HF1: ok PQ=0.6798939530574347 (16.3s)
[9/264] surface/G4 HF2: ok PQ=0.540314783133644 (14.0s)
[10/264] surface/G4 HF3: ok PQ=0.5501522942287859 (17.9s)
[11/264] surface/G4 H1: ok PQ=0.5075545884425564 (17.6s)
[12/264] surface/G4 H3: ok PQ=0.6033479994384446 (15.1s)
[13/264] surface/G4 H0: ok PQ=0.8648234978262964 (15.5s)
[14/264] surface/G4 HF1: ok PQ=0.5544249174341959 (16.4s)
[15/264] surface/G4 HF2: ok PQ=0.4991563265671056 (18.7s)
[16/264] surface/G4 HF3: ok PQ=0.46996713784640043 (17.6s)
[17/264] surface/G4 H1: ok PQ=0.44678016278126764 (17.1s)
[18/264] surface/G4 H3: ok PQ=0.5195890344746039 (17.4s)
[19/264] surface/G4 H0: ok PQ=0.88797587631404 (14.0s)
[20/264] surface/G4 HF1: ok PQ=0.681543002616988 (14.8s)
[21/264] surface/G4 HF2: ERROR ValueError: attempt to get argmin of an empty sequence
[22/264] surface/G4 HF3: ok PQ=0.5487320635162359 (14.8s)
[23/264] surface/G4 H1: ok PQ=0.4482572491814476 (15.0s)
[24/264] surface/G4 H3: ok PQ=0.6022330401272108 (16.8s)
[25/264] surface/G4 H0: ok PQ=0.8142970670873486 (16.7s)
[26/264] surface/G4 HF1: ok PQ=0.5175660547598849 (18.3s)
[27/264] surface/G4 HF2: ok PQ=0.47053975973030665 (16.9s)
[28/264] surface/G4 HF3: ok PQ=0.35847492274469733 (16.7s)
[29/264] surface/G4 H1: ok PQ=0.36581010647328577 (17.2s)
[30/264] surface/G4 H3: ok PQ=0.44034618994038127 (17.4s)
[31/264] surface/G4 H0: ok PQ=0.88797587631404 (13.8s)
[32/264] surface/G4 HF1: ok PQ=0.681543002616988 (14.2s)
[33/264] surface/G4 HF2: ERROR ValueError: attempt to get argmin of an empty sequence
[34/264] surface/G4 HF3: ok PQ=0.5487320635162359 (17.0s)
[35/264] surface/G4 H1: ok PQ=0.4482572491814476 (16.7s)
[36/264] surface/G4 H3: ok PQ=0.6022330401272108 (17.5s)
[37/264] surface/G4 H0: ok PQ=0.8142970670873486 (15.8s)
[38/264] surface/G4 HF1: ok PQ=0.5175660547598849 (19.1s)
[39/264] surface/G4 HF2: ok PQ=0.47053975973030665 (19.1s)
[40/264] surface/G4 HF3: ok PQ=0.35847492274469733 (17.4s)
[41/264] surface/G4 H1: ok PQ=0.36581010647328577 (18.9s)
[42/264] surface/G4 H3: ok PQ=0.44034618994038127 (16.5s)
[43/264] surface/G4 H0: ok PQ=0.8891494719802526 (14.5s)
[44/264] surface/G4 HF1: ok PQ=0.6798939530574347 (19.1s)
[45/264] surface/G4 HF2: ok PQ=0.540314783133644 (16.9s)
[46/264] surface/G4 HF3: ok PQ=0.5501522942287859 (15.3s)
[47/264] surface/G4 H1: ok PQ=0.5075545884425564 (15.5s)
[48/264] surface/G4 H3: ok PQ=0.6033479994384446 (15.5s)
[49/264] surface/G4 H0: ok PQ=0.8648234978262964 (19.0s)
[50/264] surface/G4 HF1: ok PQ=0.5544249174341959 (18.3s)
[51/264] surface/G4 HF2: ok PQ=0.4991563265671056 (16.7s)
[52/264] surface/G4 HF3: ok PQ=0.46996713784640043 (16.6s)
[53/264] surface/G4 H1: ok PQ=0.44678016278126764 (16.7s)
[54/264] surface/G4 H3: ok PQ=0.5195890344746039 (17.9s)
[55/264] surface/G4 H0: ok PQ=0.88797587631404 (15.2s)
[56/264] surface/G4 HF1: ok PQ=0.681543002616988 (17.4s)
[57/264] surface/G4 HF2: ERROR ValueError: attempt to get argmin of an empty sequence
[58/264] surface/G4 HF3: ok PQ=0.5487320635162359 (16.7s)
[59/264] surface/G4 H1: ok PQ=0.4482572491814476 (21.2s)
[60/264] surface/G4 H3: ok PQ=0.6022330401272108 (16.9s)
[61/264] surface/G4 H0: ok PQ=0.8142970670873486 (20.4s)
[62/264] surface/G4 HF1: ok PQ=0.5175660547598849 (17.6s)
[63/264] surface/G4 HF2: ok PQ=0.47053975973030665 (19.7s)
[64/264] surface/G4 HF3: ok PQ=0.35847492274469733 (17.4s)
[65/264] surface/G4 H1: ok PQ=0.36581010647328577 (20.1s)
[66/264] surface/G4 H3: ok PQ=0.44034618994038127 (17.8s)
[67/264] surface/G4 H0: ok PQ=0.88797587631404 (17.6s)
[68/264] surface/G4 HF1: ok PQ=0.681543002616988 (17.1s)
[69/264] surface/G4 HF2: ERROR ValueError: attempt to get argmin of an empty sequence
[70/264] surface/G4 HF3: ok PQ=0.5487320635162359 (16.1s)
[71/264] surface/G4 H1: ok PQ=0.4482572491814476 (17.7s)
[72/264] surface/G4 H3: ok PQ=0.6022330401272108 (16.0s)
[73/264] surface/G4 H0: ok PQ=0.8142970670873486 (16.0s)
[74/264] surface/G4 HF1: ok PQ=0.5175660547598849 (17.6s)
[75/264] surface/G4 HF2: ok PQ=0.47053975973030665 (19.1s)
[76/264] surface/G4 HF3: ok PQ=0.35847492274469733 (20.2s)
[77/264] surface/G4 H1: ok PQ=0.36581010647328577 (18.1s)
[78/264] surface/G4 H3: ok PQ=0.44034618994038127 (16.9s)
[79/264] surface/G4 H0: ok PQ=0.8891494719802526 (14.7s)
[80/264] surface/G4 HF1: ok PQ=0.6798939530574347 (18.9s)
[81/264] surface/G4 HF2: ok PQ=0.540314783133644 (17.0s)
[82/264] surface/G4 HF3: ok PQ=0.5501522942287859 (15.7s)
[83/264] surface/G4 H1: ok PQ=0.5075545884425564 (18.0s)
[84/264] surface/G4 H3: ok PQ=0.6033479994384446 (17.0s)
[85/264] surface/G4 H0: ok PQ=0.8648234978262964 (18.7s)
[86/264] surface/G4 HF1: ok PQ=0.5544249174341959 (17.9s)
[87/264] surface/G4 HF2: ok PQ=0.4991563265671056 (18.2s)
[88/264] surface/G4 HF3: ok PQ=0.46996713784640043 (19.1s)
[89/264] surface/G4 H1: ok PQ=0.44678016278126764 (17.3s)
[90/264] surface/G4 H3: ok PQ=0.5195890344746039 (18.2s)
[91/264] surface/G4 H0: ok PQ=0.88797587631404 (15.6s)
[92/264] surface/G4 HF1: ok PQ=0.681543002616988 (20.6s)
[93/264] surface/G4 HF2: ERROR ValueError: attempt to get argmin of an empty sequence
[94/264] surface/G4 HF3: ok PQ=0.5487320635162359 (16.8s)
[95/264] surface/G4 H1: ok PQ=0.4482572491814476 (16.4s)
[96/264] surface/G4 H3: ok PQ=0.6022330401272108 (16.0s)
[97/264] surface/G4 H0: ok PQ=0.8142970670873486 (16.8s)
[98/264] surface/G4 HF1: ok PQ=0.5175660547598849 (17.9s)
[99/264] surface/G4 HF2: ok PQ=0.47053975973030665 (17.2s)
[100/264] surface/G4 HF3: ok PQ=0.35847492274469733 (19.6s)
[101/264] surface/G4 H1: ok PQ=0.36581010647328577 (18.0s)
[102/264] surface/G4 H3: ok PQ=0.44034618994038127 (18.0s)
[103/264] surface/G4 H0: ok PQ=0.88797587631404 (14.9s)
[104/264] surface/G4 HF1: ok PQ=0.681543002616988 (17.4s)
[105/264] surface/G4 HF2: ERROR ValueError: attempt to get argmin of an empty sequence
[106/264] surface/G4 HF3: ok PQ=0.5487320635162359 (17.5s)
[107/264] surface/G4 H1: ok PQ=0.4482572491814476 (15.7s)
[108/264] surface/G4 H3: ok PQ=0.6022330401272108 (19.8s)
[109/264] surface/G4 H0: ok PQ=0.8142970670873486 (17.4s)
[110/264] surface/G4 HF1: ok PQ=0.5175660547598849 (18.1s)
[111/264] surface/G4 HF2: ok PQ=0.47053975973030665 (21.2s)
[112/264] surface/G4 HF3: ok PQ=0.35847492274469733 (22.0s)
[113/264] surface/G4 H1: ok PQ=0.36581010647328577 (22.7s)
[114/264] surface/G4 H3: ok PQ=0.44034618994038127 (21.6s)
[115/264] euclidean/G0 H0: ok PQ=0.88797587631404 (10.3s)
[116/264] euclidean/G0 HF1: ok PQ=0.681543002616988 (11.7s)
[117/264] euclidean/G0 HF2: ERROR ValueError: attempt to get argmin of an empty sequence
[118/264] euclidean/G0 HF3: ok PQ=0.5487320635162359 (14.4s)
[119/264] euclidean/G0 H1: ok PQ=0.4482572491814476 (11.7s)
[120/264] euclidean/G0 H3: ok PQ=0.6022330401272108 (13.4s)
[121/264] euclidean/G0 H0: ok PQ=0.8142970670873486 (15.1s)
[122/264] euclidean/G0 HF1: ok PQ=0.5175660547598849 (14.6s)
[123/264] euclidean/G0 HF2: ok PQ=0.47053975973030665 (14.8s)
[124/264] euclidean/G0 HF3: ok PQ=0.35847492274469733 (15.1s)
[125/264] euclidean/G0 H1: ok PQ=0.36581010647328577 (14.8s)
[126/264] euclidean/G0 H3: ok PQ=0.44034618994038127 (14.4s)
[127/264] heat/ V0: ok PQ=1.0 (6.0s)
[128/264] heat/ VF1: ok PQ=0.7588446931840895 (5.7s)
[129/264] heat/ VF2: ok PQ=0.7572595546046873 (7.1s)
[130/264] heat/ VF3: ok PQ=0.8800804667729575 (5.6s)
[131/264] heat/ V1: ok PQ=0.7957518546866167 (7.6s)
[132/264] heat/ V3: ok PQ=0.7970626137828053 (5.5s)
[133/264] surface/G4 V0: ok PQ=0.8891494719802526 (14.5s)
[134/264] surface/G4 VF1: ok PQ=0.5905616320309007 (14.9s)
[135/264] surface/G4 VF2: ok PQ=0.6539894032255575 (15.2s)
[136/264] surface/G4 VF3: ok PQ=0.5928056365401628 (17.4s)
[137/264] surface/G4 V1: ok PQ=0.6883380525764339 (15.7s)
[138/264] surface/G4 V3: ok PQ=0.6590819235037423 (14.8s)
[139/264] surface/G4 V0: ok PQ=0.8648234978262964 (17.9s)
[140/264] surface/G4 VF1: ok PQ=0.5518357617948455 (17.7s)
[141/264] surface/G4 VF2: ok PQ=0.6449808867516151 (16.9s)
[142/264] surface/G4 VF3: ok PQ=0.6582018075745781 (18.0s)
[143/264] surface/G4 V1: ok PQ=0.6822235026555873 (17.7s)
[144/264] surface/G4 V3: ok PQ=0.6515554237797795 (17.4s)
[145/264] surface/G4 V0: ok PQ=0.88797587631404 (18.1s)
[146/264] surface/G4 VF1: ok PQ=0.5904028073336602 (17.2s)
[147/264] surface/G4 VF2: ok PQ=0.6538305785283172 (14.0s)
[148/264] surface/G4 VF3: ok PQ=0.5644452798405049 (16.0s)
[149/264] surface/G4 V1: ok PQ=0.6880848578568068 (19.2s)
[150/264] surface/G4 V3: ok PQ=0.658091623854838 (17.3s)
[151/264] surface/G4 V0: ok PQ=0.8142970670873486 (18.5s)
[152/264] surface/G4 VF1: ok PQ=0.5177684203224657 (19.9s)
[153/264] surface/G4 VF2: ok PQ=0.5787075536371695 (21.6s)
[154/264] surface/G4 VF3: ok PQ=0.5905222184512924 (19.0s)
[155/264] surface/G4 V1: ok PQ=0.6839789262042084 (18.8s)
[156/264] surface/G4 V3: ok PQ=0.7021563009115364 (21.0s)
[157/264] surface/G4 V0: ok PQ=0.88797587631404 (14.3s)
[158/264] surface/G4 VF1: ok PQ=0.5904028073336602 (19.2s)
[159/264] surface/G4 VF2: ok PQ=0.6538305785283172 (16.3s)
[160/264] surface/G4 VF3: ok PQ=0.5644452798405049 (16.2s)
[161/264] surface/G4 V1: ok PQ=0.6880848578568068 (13.7s)
[162/264] surface/G4 V3: ok PQ=0.658091623854838 (15.7s)
[163/264] surface/G4 V0: ok PQ=0.8142970670873486 (21.5s)
[164/264] surface/G4 VF1: ok PQ=0.5177684203224657 (15.9s)
[165/264] surface/G4 VF2: ok PQ=0.5787075536371695 (18.2s)
[166/264] surface/G4 VF3: ok PQ=0.5905222184512924 (19.1s)
[167/264] surface/G4 V1: ok PQ=0.6839789262042084 (18.7s)
[168/264] surface/G4 V3: ok PQ=0.7021563009115364 (16.2s)
[169/264] surface/G4 V0: ok PQ=0.8891494719802526 (15.9s)
[170/264] surface/G4 VF1: ok PQ=0.5905616320309007 (17.5s)
[171/264] surface/G4 VF2: ok PQ=0.6539894032255575 (17.2s)
[172/264] surface/G4 VF3: ok PQ=0.5928056365401628 (18.2s)
[173/264] surface/G4 V1: ok PQ=0.6883380525764339 (14.8s)
[174/264] surface/G4 V3: ok PQ=0.6590819235037423 (18.2s)
[175/264] surface/G4 V0: ok PQ=0.8648234978262964 (18.9s)
[176/264] surface/G4 VF1: ok PQ=0.5518357617948455 (22.0s)
[177/264] surface/G4 VF2: ok PQ=0.6449808867516151 (18.5s)
[178/264] surface/G4 VF3: ok PQ=0.6582018075745781 (20.7s)
[179/264] surface/G4 V1: ok PQ=0.6822235026555873 (21.1s)
[180/264] surface/G4 V3: ok PQ=0.6515554237797795 (19.5s)
[181/264] surface/G4 V0: ok PQ=0.88797587631404 (18.3s)
[182/264] surface/G4 VF1: ok PQ=0.5904028073336602 (21.9s)
[183/264] surface/G4 VF2: ok PQ=0.6538305785283172 (18.4s)
[184/264] surface/G4 VF3: ok PQ=0.5644452798405049 (24.8s)
[185/264] surface/G4 V1: ok PQ=0.6880848578568068 (19.6s)
[186/264] surface/G4 V3: ok PQ=0.658091623854838 (19.8s)
[187/264] surface/G4 V0: ok PQ=0.8142970670873486 (22.5s)
[188/264] surface/G4 VF1: ok PQ=0.5177684203224657 (20.8s)
[189/264] surface/G4 VF2: ok PQ=0.5787075536371695 (20.2s)
[190/264] surface/G4 VF3: ok PQ=0.5905222184512924 (21.0s)
[191/264] surface/G4 V1: ok PQ=0.6839789262042084 (23.4s)
[192/264] surface/G4 V3: ok PQ=0.7021563009115364 (22.3s)
[193/264] surface/G4 V0: ok PQ=0.88797587631404 (25.1s)
[194/264] surface/G4 VF1: ok PQ=0.5904028073336602 (19.6s)
[195/264] surface/G4 VF2: ok PQ=0.6538305785283172 (25.3s)
[196/264] surface/G4 VF3: ok PQ=0.5644452798405049 (24.6s)
[197/264] surface/G4 V1: ok PQ=0.6880848578568068 (23.2s)
[198/264] surface/G4 V3: ok PQ=0.658091623854838 (17.1s)
[199/264] surface/G4 V0: ok PQ=0.8142970670873486 (29.4s)
[200/264] surface/G4 VF1: ok PQ=0.5177684203224657 (24.9s)
[201/264] surface/G4 VF2: ok PQ=0.5787075536371695 (24.2s)
[202/264] surface/G4 VF3: ok PQ=0.5905222184512924 (36.8s)
[203/264] surface/G4 V1: ok PQ=0.6839789262042084 (24.5s)
[204/264] surface/G4 V3: ok PQ=0.7021563009115364 (23.9s)
[205/264] surface/G4 V0: ok PQ=0.8891494719802526 (19.7s)
[206/264] surface/G4 VF1: ok PQ=0.5905616320309007 (26.5s)
[207/264] surface/G4 VF2: ok PQ=0.6539894032255575 (17.6s)
[208/264] surface/G4 VF3: ok PQ=0.5928056365401628 (18.7s)
[209/264] surface/G4 V1: ok PQ=0.6883380525764339 (34.1s)
[210/264] surface/G4 V3: ok PQ=0.6590819235037423 (22.7s)
[211/264] surface/G4 V0: ok PQ=0.8648234978262964 (27.9s)
[212/264] surface/G4 VF1: ok PQ=0.5518357617948455 (36.8s)
[213/264] surface/G4 VF2: ok PQ=0.6449808867516151 (42.6s)
[214/264] surface/G4 VF3: ok PQ=0.6582018075745781 (36.8s)
[215/264] surface/G4 V1: ok PQ=0.6822235026555873 (31.0s)
[216/264] surface/G4 V3: ok PQ=0.6515554237797795 (32.6s)
[217/264] surface/G4 V0: ok PQ=0.88797587631404 (21.5s)
[218/264] surface/G4 VF1: ok PQ=0.5904028073336602 (24.9s)
[219/264] surface/G4 VF2: ok PQ=0.6538305785283172 (27.5s)
[220/264] surface/G4 VF3: ok PQ=0.5644452798405049 (35.5s)
[221/264] surface/G4 V1: ok PQ=0.6880848578568068 (38.6s)
[222/264] surface/G4 V3: ok PQ=0.658091623854838 (41.7s)
[223/264] surface/G4 V0: ok PQ=0.8142970670873486 (35.2s)
[224/264] surface/G4 VF1: ok PQ=0.5177684203224657 (32.8s)
[225/264] surface/G4 VF2: ok PQ=0.5787075536371695 (47.5s)
[226/264] surface/G4 VF3: ok PQ=0.5905222184512924 (62.2s)
[227/264] surface/G4 V1: ok PQ=0.6839789262042084 (54.2s)
[228/264] surface/G4 V3: ok PQ=0.7021563009115364 (56.8s)
[229/264] surface/G4 V0: ok PQ=0.88797587631404 (38.3s)
[230/264] surface/G4 VF1: ok PQ=0.5904028073336602 (29.3s)
[231/264] surface/G4 VF2: ok PQ=0.6538305785283172 (31.8s)
[232/264] surface/G4 VF3: ok PQ=0.5644452798405049 (31.5s)
[233/264] surface/G4 V1: ok PQ=0.6880848578568068 (26.5s)
[234/264] surface/G4 V3: ok PQ=0.658091623854838 (26.4s)
[235/264] surface/G4 V0: ok PQ=0.8142970670873486 (37.7s)
[236/264] surface/G4 VF1: ok PQ=0.5177684203224657 (37.6s)
[237/264] surface/G4 VF2: ok PQ=0.5787075536371695 (32.0s)
[238/264] surface/G4 VF3: ok PQ=0.5905222184512924 (45.8s)
[239/264] surface/G4 V1: ok PQ=0.6839789262042084 (37.8s)
[240/264] surface/G4 V3: ok PQ=0.7021563009115364 (32.4s)
[241/264] euclidean/G0 V0: ok PQ=0.88797587631404 (37.9s)
[242/264] euclidean/G0 VF1: ok PQ=0.5904028073336602 (21.0s)
[243/264] euclidean/G0 VF2: ok PQ=0.6538305785283172 (24.2s)
[244/264] euclidean/G0 VF3: ok PQ=0.5644452798405049 (20.4s)
[245/264] euclidean/G0 V1: ok PQ=0.6880848578568068 (24.2s)
[246/264] euclidean/G0 V3: ok PQ=0.658091623854838 (19.8s)
[247/264] euclidean/G0 V0: ok PQ=0.8142970670873486 (24.8s)
[248/264] euclidean/G0 VF1: ok PQ=0.5177684203224657 (32.0s)
[249/264] euclidean/G0 VF2: ok PQ=0.5787075536371695 (28.8s)
[250/264] euclidean/G0 VF3: ok PQ=0.5905222184512924 (33.6s)
[251/264] euclidean/G0 V1: ok PQ=0.6839789262042084 (40.6s)
[252/264] euclidean/G0 V3: ok PQ=0.7021563009115364 (26.8s)
[253/264] surface/G5 H0: ok PQ=0.4958287762816627 (39.7s)
[254/264] surface/G5 H1: ok PQ=0.17217560268228366 (52.9s)
[255/264] surface/G5 H0: ERROR ValueError: attempt to get argmin of an empty sequence
[256/264] surface/G5 H1: ERROR ValueError: attempt to get argmin of an empty sequence
[257/264] surface/G5 H0: ERROR ValueError: attempt to get argmin of an empty sequence
[258/264] surface/G5 H1: ERROR ValueError: attempt to get argmin of an empty sequence
[259/264] surface/G5 V0: ok PQ=0.4958287762816627 (53.3s)
[260/264] surface/G5 V1: ok PQ=0.34061329209164204 (61.4s)
[261/264] surface/G5 V0: ERROR ValueError: attempt to get argmin of an empty sequence
[262/264] surface/G5 V1: ok PQ=0.3386768785403144 (48.6s)
[263/264] surface/G5 V0: ERROR ValueError: attempt to get argmin of an empty sequence
[264/264] surface/G5 V1: ok PQ=0.30653270274317096 (63.3s)

[stage1] G5 diagnostic: 6 stable configs, 0 METRIC_INCOMPATIBLE
[OK] stage1_dev_summary.json written
